// Jest Snapshot v1, https://goo.gl/fbAQLP

exports[`Testing <MainPage/> Testing snap & state MainPage have rendered correctly 1`] = `
ShallowWrapper {
  Symbol(enzyme.__root__): [Circular],
  Symbol(enzyme.__unrendered__): <FirstScreen
    id="1"
    type="best"
  />,
  Symbol(enzyme.__renderer__): Object {
    "batchedUpdates": [Function],
    "checkPropTypes": [Function],
    "getNode": [Function],
    "render": [Function],
    "simulateError": [Function],
    "simulateEvent": [Function],
    "unmount": [Function],
  },
  Symbol(enzyme.__node__): Object {
    "instance": null,
    "key": undefined,
    "nodeType": "host",
    "props": Object {
      "children": <div
        className="col-lg-10 offset-lg-1"
      >
        <h1
          className="title-big"
        >
          Everything You Love About Coffee
        </h1>
        <BeansLogo />
        <div
          className="preview__subtitle"
        >
          We makes every day full of energy and taste
        </div>
        <div
          className="preview__subtitle"
        >
          Want to try our beans?
        </div>
        <Link
          className="preview__btn"
          replace={false}
          to="/ourcoffee"
        >
          More
        </Link>
      </div>,
      "className": "row",
    },
    "ref": null,
    "rendered": Object {
      "instance": null,
      "key": undefined,
      "nodeType": "host",
      "props": Object {
        "children": Array [
          <h1
            className="title-big"
          >
            Everything You Love About Coffee
          </h1>,
          <BeansLogo />,
          <div
            className="preview__subtitle"
          >
            We makes every day full of energy and taste
          </div>,
          <div
            className="preview__subtitle"
          >
            Want to try our beans?
          </div>,
          <Link
            className="preview__btn"
            replace={false}
            to="/ourcoffee"
          >
            More
          </Link>,
        ],
        "className": "col-lg-10 offset-lg-1",
      },
      "ref": null,
      "rendered": Array [
        Object {
          "instance": null,
          "key": undefined,
          "nodeType": "host",
          "props": Object {
            "children": "Everything You Love About Coffee",
            "className": "title-big",
          },
          "ref": null,
          "rendered": "Everything You Love About Coffee",
          "type": "h1",
        },
        Object {
          "instance": null,
          "key": undefined,
          "nodeType": "function",
          "props": Object {},
          "ref": null,
          "rendered": null,
          "type": [Function],
        },
        Object {
          "instance": null,
          "key": undefined,
          "nodeType": "host",
          "props": Object {
            "children": "We makes every day full of energy and taste",
            "className": "preview__subtitle",
          },
          "ref": null,
          "rendered": "We makes every day full of energy and taste",
          "type": "div",
        },
        Object {
          "instance": null,
          "key": undefined,
          "nodeType": "host",
          "props": Object {
            "children": "Want to try our beans?",
            "className": "preview__subtitle",
          },
          "ref": null,
          "rendered": "Want to try our beans?",
          "type": "div",
        },
        Object {
          "instance": null,
          "key": undefined,
          "nodeType": "class",
          "props": Object {
            "children": "More",
            "className": "preview__btn",
            "replace": false,
            "to": "/ourcoffee",
          },
          "ref": null,
          "rendered": "More",
          "type": [Function],
        },
      ],
      "type": "div",
    },
    "type": "div",
  },
  Symbol(enzyme.__nodes__): Array [
    Object {
      "instance": null,
      "key": undefined,
      "nodeType": "host",
      "props": Object {
        "children": <div
          className="col-lg-10 offset-lg-1"
        >
          <h1
            className="title-big"
          >
            Everything You Love About Coffee
          </h1>
          <BeansLogo />
          <div
            className="preview__subtitle"
          >
            We makes every day full of energy and taste
          </div>
          <div
            className="preview__subtitle"
          >
            Want to try our beans?
          </div>
          <Link
            className="preview__btn"
            replace={false}
            to="/ourcoffee"
          >
            More
          </Link>
        </div>,
        "className": "row",
      },
      "ref": null,
      "rendered": Object {
        "instance": null,
        "key": undefined,
        "nodeType": "host",
        "props": Object {
          "children": Array [
            <h1
              className="title-big"
            >
              Everything You Love About Coffee
            </h1>,
            <BeansLogo />,
            <div
              className="preview__subtitle"
            >
              We makes every day full of energy and taste
            </div>,
            <div
              className="preview__subtitle"
            >
              Want to try our beans?
            </div>,
            <Link
              className="preview__btn"
              replace={false}
              to="/ourcoffee"
            >
              More
            </Link>,
          ],
          "className": "col-lg-10 offset-lg-1",
        },
        "ref": null,
        "rendered": Array [
          Object {
            "instance": null,
            "key": undefined,
            "nodeType": "host",
            "props": Object {
              "children": "Everything You Love About Coffee",
              "className": "title-big",
            },
            "ref": null,
            "rendered": "Everything You Love About Coffee",
            "type": "h1",
          },
          Object {
            "instance": null,
            "key": undefined,
            "nodeType": "function",
            "props": Object {},
            "ref": null,
            "rendered": null,
            "type": [Function],
          },
          Object {
            "instance": null,
            "key": undefined,
            "nodeType": "host",
            "props": Object {
              "children": "We makes every day full of energy and taste",
              "className": "preview__subtitle",
            },
            "ref": null,
            "rendered": "We makes every day full of energy and taste",
            "type": "div",
          },
          Object {
            "instance": null,
            "key": undefined,
            "nodeType": "host",
            "props": Object {
              "children": "Want to try our beans?",
              "className": "preview__subtitle",
            },
            "ref": null,
            "rendered": "Want to try our beans?",
            "type": "div",
          },
          Object {
            "instance": null,
            "key": undefined,
            "nodeType": "class",
            "props": Object {
              "children": "More",
              "className": "preview__btn",
              "replace": false,
              "to": "/ourcoffee",
            },
            "ref": null,
            "rendered": "More",
            "type": [Function],
          },
        ],
        "type": "div",
      },
      "type": "div",
    },
  ],
  Symbol(enzyme.__options__): Object {
    "adapter": ReactSixteenAdapter {
      "options": Object {
        "enableComponentDidUpdateOnSetState": true,
        "legacyContextMode": "parent",
        "lifecycles": Object {
          "componentDidUpdate": Object {
            "onSetState": true,
          },
          "getChildContext": Object {
            "calledByRenderer": false,
          },
          "getDerivedStateFromProps": true,
          "getSnapshotBeforeUpdate": true,
          "setState": Object {
            "skipsComponentDidUpdateOnNullish": true,
          },
        },
      },
    },
  },
}
`;
